
Current cluster status:
Online: [ node1 node2 ]
RemoteOnline: [ node3-rem ]

 xvm	(stonith:fence_xvm):	 Started node2
 xvm_rem	(stonith:fence_xvm):	 Started node1
 Clone Set: stateful-clone [stateful] (promotable)
     Slaves: [ node1 ]
     Stopped: [ node2 node3-rem ]
 node3-rem	(ocf:pacemaker:remote):	 Started node1

Transition Summary:
 * Move       stateful:0     ( Slave node1 -> Master node2 )  
 * Start      stateful:1     (                       node1 )  

Executing cluster transition:
 * Pseudo action:   stateful-clone_stop_0
 * Resource action: stateful        stop on node1
 * Pseudo action:   stateful-clone_stopped_0
 * Pseudo action:   stateful-clone_start_0
 * Resource action: stateful        start on node2
 * Resource action: stateful        start on node1
 * Pseudo action:   stateful-clone_running_0
 * Resource action: stateful        monitor=11000 on node1
 * Pseudo action:   stateful-clone_promote_0
 * Resource action: stateful        promote on node2
 * Pseudo action:   stateful-clone_promoted_0
 * Resource action: stateful        monitor=10000 on node2

Revised cluster status:
Online: [ node1 node2 ]
RemoteOnline: [ node3-rem ]

 xvm	(stonith:fence_xvm):	 Started node2
 xvm_rem	(stonith:fence_xvm):	 Started node1
 Clone Set: stateful-clone [stateful] (promotable)
     Masters: [ node2 ]
     Slaves: [ node1 ]
 node3-rem	(ocf:pacemaker:remote):	 Started node1

